     2>D:\Github\ADP.NET\SmartSocietyMVC-main\Program.cs(129,32): error CS0117: 'Bill' does not contain a definition for 'Title' [D:\Github\ADP.NET\SmartSocietyMVC-main\SmartSocietyMVC.csproj]
     2>D:\Github\ADP.NET\SmartSocietyMVC-main\Program.cs(129,126): error CS0117: 'Bill' does not contain a definition for 'DueDate' [D:\Github\ADP.NET\SmartSocietyMVC-main\SmartSocietyMVC.csproj]
     2>D:\Github\ADP.NET\SmartSocietyMVC-main\Program.cs(129,165): error CS0117: 'Bill' does not contain a definition for 'IsPaid' [D:\Github\ADP.NET\SmartSocietyMVC-main\SmartSocietyMVC.csproj]
     2>D:\Github\ADP.NET\SmartSocietyMVC-main\Program.cs(129,181): error CS0117: 'Bill' does not contain a definition for 'Category' [D:\Github\ADP.NET\SmartSocietyMVC-main\SmartSocietyMVC.csproj]
     2>D:\Github\ADP.NET\SmartSocietyMVC-main\Program.cs(129,207): error CS0117: 'Bill' does not contain a definition for 'CreatedAt' [D:\Github\ADP.NET\SmartSocietyMVC-main\SmartSocietyMVC.csproj]
     2>D:\Github\ADP.NET\SmartSocietyMVC-main\Program.cs(130,32): error CS0117: 'Bill' does not contain a definition for 'Title' [D:\Github\ADP.NET\SmartSocietyMVC-main\SmartSocietyMVC.csproj]
     2>D:\Github\ADP.NET\SmartSocietyMVC-main\Program.cs(130,133): error CS0117: 'Bill' does not contain a definition for 'DueDate' [D:\Github\ADP.NET\SmartSocietyMVC-main\SmartSocietyMVC.csproj]
     2>D:\Github\ADP.NET\SmartSocietyMVC-main\Program.cs(130,172): error CS0117: 'Bill' does not contain a definition for 'IsPaid' [D:\Github\ADP.NET\SmartSocietyMVC-main\SmartSocietyMVC.csproj]
     2>D:\Github\ADP.NET\SmartSocietyMVC-main\Program.cs(130,187): error CS0117: 'Bill' does not contain a definition for 'Category' [D:\Github\ADP.NET\SmartSocietyMVC-main\SmartSocietyMVC.csproj]
     2>D:\Github\ADP.NET\SmartSocietyMVC-main\Program.cs(130,208): error CS0117: 'Bill' does not contain a definition for 'CreatedAt' [D:\Github\ADP.NET\SmartSocietyMVC-main\SmartSocietyMVC.csproj]
